===== BF16 trace: /iopsstor/scratch/cscs/course_00277/lsaie-ss26-gipfelsturm/gipfelsturm/throughput-8b-1n/nsys-throughput-8b-1n-2404787.nsys-rep =====
  wrote results/bf16_kernels.txt

===== FP8 trace: /iopsstor/scratch/cscs/course_00277/lsaie-ss26-gipfelsturm/gipfelsturm/throughput-8b-1n/nsys-throughput-8b-1n-2404788.nsys-rep =====
  wrote results/fp8_kernels.txt

===== HEAD of BF16 kernel summary =====
0: Generating SQLite file /iopsstor/scratch/cscs/course_00277/lsaie-ss26-gipfelsturm/gipfelsturm/throughput-8b-1n/nsys-throughput-8b-1n-2404787.sqlite from /iopsstor/scratch/cscs/course_00277/lsaie-ss26-gipfelsturm/gipfelsturm/throughput-8b-1n/nsys-throughput-8b-1n-2404787.nsys-rep
0: Processing [/iopsstor/scratch/cscs/course_00277/lsaie-ss26-gipfelsturm/gipfelsturm/throughput-8b-1n/nsys-throughput-8b-1n-2404787.sqlite] with [/usr/local/cuda-13.1/NsightSystems-cli-2025.6.1/target-linux-sbsa-armv8/reports/cuda_gpu_kern_sum.py]... 
0: 
0:  ** CUDA GPU Kernel Summary (cuda_gpu_kern_sum):
0: 
0:  Time (%)  Total Time (ns)  Instances  Avg (ns)   Med (ns)   Min (ns)  Max (ns)   StdDev (ns)                                                  Name                                                
0:  --------  ---------------  ---------  ---------  ---------  --------  ---------  -----------  ----------------------------------------------------------------------------------------------------
0:      26.1      65665891489      32799  2002069.9  3105920.0    666176    5887296    1279099.0  nvjet_sm90_tst_192x192_64x4_2x1_v_bz_coopB_TNN                                                      
0:      14.5      36636388228      24790  1477869.6   709856.0    443136    5562784    1260561.3  nvjet_sm90_tst_256x128_64x4_1x2_h_bz_coopA_NNT                                                      
0:      12.9      32564379729      32546  1000564.7   889952.0    343360    2058912     535765.7  nvjet_sm90_tst_256x128_64x4_1x2_h_bz_coopA_TNT                                                      
0:      10.4      26250873632       8180  3209153.3  3189584.0   2945504    3486944      69988.5  nvjet_sm90_tst_192x192_64x3_2x1_v_badd_coopB_NTN                                                    
0:       6.0      15186060041       8180  1856486.6  1851328.0   1622688    2230048      36033.0  cudnn_generated_fort_native_sdpa_sm90_flash_bprop_wgmma_f16_knob_26_64x64x128_1x4x1_cga1x1x1_kernel…
0:       5.8      14583593760       8430  1729963.7  1608352.0   1333568    5797472     666972.5  nvjet_sm90_tst_320x128_64x3_1x2_h_badd_coopB_NTT                                                    
0:       5.3      13358802575       8177  163
0: 3704.6  1630592.0   1308224    1993216      31665.9  nvjet_sm90_tst_320x128_64x3_1x2_h_bz_coopB_NNT                                                      
0:       4.2      10668231063      16273   655578.6   655680.0    495264     818112      16077.0  cudnn_generated_fort_native_sdpa_sm90_flash_fprop_wgmma_f16_knob_7_64x128x128_4x1x1_cga1x1x1_kernel…
0:       3.8       9587520099      16360   586034.2   677536.0    434880     881856     121345.2  nvjet_sm90_tst_256x128_64x4_1x2_h_badd_coopA_NTT                                                    
0:       2.0       4998338591        784  6375431.9  1303888.0    255424  915424164   55734931.4  ncclDevKernel_ReduceScatter_Sum_bf16_RING_LL(ncclDevKernelArgsStorage<(unsigned long)4096>)         
0:       1.9       4660926118       8177   570004.4   567040.0    481888     716800      19531.1  triton_poi_fused_add_cat_mul_rsub_sigmoid_silu_split_0                                              
0:       1.2       3037730050      16273   186673.0   186688.0    184320     205440        779.2  triton_poi_fused_mul_silu_split_0                                                                   
0:       0.8       2105605693      33055    63700.1    96416.0     22624     145472      36133.8  void at::native::elementwise_kernel<(int)128, (int)4, void at::native::gpu_kernel_impl_nocast<at::n…
0:       0.7       1812743068      32546    55697.9    65664.0     20448     108672      29407.6  void transformer_engine::fused_rope_forward_kernel<__nv_bfloat16>(const T1 *, const int *, const fl…
0:       0.7       1693049919      32546    52020.2    51968.0     49568      62592        627.5  triton_poi_fused_add_0                                                                              
0:       0.6       1526004417      32799    46525.9    46144.0     42976      76192       2938.1  void transformer_engine::normalization::rmsnorm_fwd_tuned_kernel<transformer_engine::normalization:…
0:       0.4       1048956126      16613    63140.7    63040.0     57088     118976       1573.1  void transformer_engine::normalization::rmsnorm_bwd_tuned_kernel<transformer_engine::normalization:…
0:       0.4       1013463167      33229    30499.4    52160.0      1120     370080      37275.8  void at::native::vectorized_elementwise_kernel<(int)8, at::native::CUDAFunctor_add<c10::BFloat16>, …
0:       0.4        974115741      16360    59542.5    60512.0     23680     112736      30249.5  void transformer_engine::fused_rope_backward_kernel<__nv_bfloat16>(const T1 *, const int *, const f…
0:       0.3        638504446       8180    78056.8    77984.0     73376      97312       1266.3  void cudnn::fusion::compute_dot_do_o_specialized<(bool)1, (int)128>(const void *, const void *, voi…
0:       0.2        521668126       8180    63773.6    63712.0     59200      71552        942.0  void cudnn::fusion::convert_dq_to_16bits<(bool)1>(const void *, void *, unsigned int, unsigned int,…
0:       0.2        484960446        253  1916839.7  1916544.0   1911744    1925248       2215.0  triton_red_fused_copy__exp_sub_sum_unsqueeze_2                                                      
0:       0.2        466974781       8180    57087.4    57152.0     55232      68160        498.9  void at::native::<unnamed>::CatArrayBatchedCopy_vectorized<at::native::<unnamed>::OpaqueType<(unsig…
0:       0.2        427857985      16360    26152.7    26304.0     24480      31808        780.7  void cudnn::fusion::fmha_reduce_head<(bool)1>(const void *, void *, unsigned int, unsigned int, uns…
0:       0.1        365885856        490   746705.8   720928.0    244064    2140608     398100.2  ncclDevKernel_AllGather_RING_LL(ncclDevKernelArgsStorage<(unsigned long)4096>)                      
0:       0.1        290298591        253  1147425.3  1147360.0   1144736    1149856       1005.9  triton_poi_fused__to_copy_copy__mul_unsqueeze_view_2                                                
0:       0.1        229664638        253   907765.4   907648.0    905664     911552        927.9  triton_poi_fused_copy__div_split_unsqueeze_1                                                        
0:       0.1        228757216        253   904178.7   904192.0    902176     906080        686.2  triton_poi_fused__to_copy_arange_index_index_put_rsub_sub_view_0                                    
0:       0.1        192376961        720   267190.2   270416.0      3648     283808      36378.7  void multi_tensor_apply_kernel<TensorListMetadata<(int)5, (bool)0>, transformer_engine::multi_tenso…
0:       0.1        184106657        253   727694.3   727552.0    725344     731168       1039.9  triton_red_fused__to_copy_max_0                                                                     
0:       0.0         70223456        320   219448.3   138432.0    134336     549408     162974.9  void at::native::vectorized_elementwise_kernel<(int)8, at::native::FillFunctor<c10::BFloat16>, std:…
0:       0.0         65315166        784    83310.2    63648.0     45664     243232      41160.2  void at::native::vectorized_elementwise_kernel<(int)8, at::native::AUnaryFunctor<c10::BFloat16, c10…
0:       0.0         61464928      16613     3699.8     3680.0      2848       6336        102.3  void transformer_engine::normalization::rmsnorm_bwd_finalize_tuned_kernel<transformer_engine::norma…
0:       0.0         54441280        256   212661.3   211616.0    197728     270720       9611.4  void at::native::<unnamed>::compute_grad_weight<c10::BFloat16, long>(const T2 *, const T1 *, const …
0:       0.0         43793024        256   171066.5   171168.0    146400     222944       9928.6  void at::native::<unnamed>::sum_and_scatter<c10::BFloat16, long>(const T2 *, T1 *, long, const T2 *…
0:       0.0         28152480         32   879765.0   381200.0      5632    2854144    1042125.2  ncclDevKernel_AllReduce_Sum_f32_RING_LL(ncclDevKernelArgsStorage<(unsigned long)4096>)              
0:       0.0         23598272        712    33143.6    33312.0     19552      35712       1565.0  void multi_tensor_apply_kernel<TensorListMetadata<(int)2, (bool)0>, transformer_engine::multi_tenso…
0:       0.0         17787616       2048     8685.4     8416.0      8032      11936        616.4  void at_cuda_detail::cub::detail::radix_sort::DeviceRadixSortOnesweepKernel<at_cuda_detail::cub::de…
0:       0.0         16928064      16273     1040.3      960.0       640       2656        209.4  transformer_engine::fused_attn::extract_seed_and_offset(long *, bool, long *, unsigned long, long *…
0:       0.0         14854752        712    20863.4    20800.0     17152      28768        869.4  void multi_tensor_apply_kernel<TensorListMetadata<(int)1, (bool)0>, transformer_engine::multi_tenso…
0:       0.0          7913184        253    31277.4    31136.0     27424      39328       1374.2  void at::native::vectorized_gather_kernel<(int)16, long>(char *, char *, T2 *, int, long, long, lon…
0:       0.0          2448800        759     3226.4     3424.0      2336       6400        462.2  void at::native::reduce_kernel<(int)512, (int)1, at::native::ReduceOp<float, at::native::func_wrapp…

===== HEAD of FP8 kernel summary =====
0: Generating SQLite file /iopsstor/scratch/cscs/course_00277/lsaie-ss26-gipfelsturm/gipfelsturm/throughput-8b-1n/nsys-throughput-8b-1n-2404788.sqlite from /iopsstor/scratch/cscs/course_00277/lsaie-ss26-gipfelsturm/gipfelsturm/throughput-8b-1n/nsys-throughput-8b-1n-2404788.nsys-rep
0: Processing [/iopsstor/scratch/cscs/course_00277/lsaie-ss26-gipfelsturm/gipfelsturm/throughput-8b-1n/nsys-throughput-8b-1n-2404788.sqlite] with [/usr/local/cuda-13.1/NsightSystems-cli-2025.6.1/target-linux-sbsa-armv8/reports/cuda_gpu_kern_sum.py]... 
0: 
0:  ** CUDA GPU Kernel Summary (cuda_gpu_kern_sum):
0: 
0:  Time (%)  Total Time (ns)  Instances  Avg (ns)   Med (ns)   Min (ns)  Max (ns)   StdDev (ns)                                                  Name                                                
0:  --------  ---------------  ---------  ---------  ---------  --------  ---------  -----------  ----------------------------------------------------------------------------------------------------
0:      20.1      34988794486      32699  1070026.4   521120.0    292512    1884960     673434.9  nvjet_sm90_qqtst_192x192_128x4_2x1_v_bz_coopB_TNN                                                   
0:      11.2      19570086864      24501   798746.5   393728.0    206816    1811584     656270.5  nvjet_sm90_qrtst_128x160_128x5_2x1_v_bz_coopA_algo2_TNT                                             
0:      10.3      18002846786      32697   550596.3   284352.0    187392     900416     285753.6  nvjet_sm90_qqtst_128x256_128x4_2x1_v_bz_coopA_TNN                                                   
0:       9.9      17219283498      16333  1054263.4   418912.0    303232    1801248     658997.0  nvjet_sm90_qrtst_128x160_128x5_2x1_v_badd_coopA_algo2_TNT                                           
0:       8.9      15511691175       8168  1899080.7  1901472.0   1375904    2019616      30594.3  cudnn_generated_fort_native_sdpa_sm90_flash_bprop_wgmma_f16_knob_26_64x64x128_1x4x1_cga1x1x1_kernel…
0:       6.2      10857416393      16351   664021.6   665472.0    479264     730112      20170.5  cudnn_generated_fort_native_sdpa_sm90_flash_fprop_wgmma_f16_knob_7_64x128x128_4x1x1_cga1x1x1_kernel…
0:       4.3       7468331655       8165   914676.3   916064.0    700352     961440      16455.1  nvjet_sm90_qrtst_144x128_128x6_1x2_h_bz_coopA_algo2_TNN                                             
0:       4.1       7209449982       8165   882970.0   883200.0    703616     929664      15681.6  nvjet_sm90_qrtst_144x128_128x6_1x2_h_badd_coopA_algo2_TNN                                           
0:       3.6       6325460362      41369   
0: 152903.4    34432.0      5248  789527495    7568551.6  ncclDevKernel_AllReduce_Sum_f32_RING_LL(ncclDevKernelArgsStorage<(unsigned long)4096>)              
0:       2.8       4812227591       8165   589372.6   588480.0    415008     678080      16127.7  triton_poi_fused_add_cat_mul_rsub_sigmoid_silu_split_0                                              
0:       2.1       3651223498      32666   111774.4    62880.0     39008     332352     105431.9  cast_transpose_optimized_kernel(const __nv_bfloat16 *, const float *, __nv_fp8_e5m2 *, __nv_fp8_e5m…
0:       1.8       3065386883      16348   187508.4   187520.0    185376     191200        705.8  triton_poi_fused_mul_silu_split_0                                                                   
0:       1.2       2151974241      33214    64791.2    96704.0     22336     148704      36879.8  void at::native::elementwise_kernel<(int)128, (int)4, void at::native::gpu_kernel_impl_nocast<at::n…
0:       1.2       2141716168       8168   262208.1   260352.0    190432     350048
0:       13010.4  nvjet_sm90_qrtst_128x128_128x6_1x2_h_badd_coopA_algo2_TNT                                           
0:       1.1       1999050409      32699    61134.9    60832.0     43456      96800       3511.7  void transformer_engine::normalization::rmsnorm_fwd_tuned_kernel<transformer_engine::normalization:…
0:       1.1       1841424830      32702    56309.2    49744.0     19680     109472      29812.1  void transformer_engine::fused_rope_forward_kernel<__nv_bfloat16>(const T1 *, const int *, const fl…
0:       1.0       1749684738      32697    53512.1    53632.0     50144      57152       1202.1  triton_poi_fused_add_0                                                                              
0:       0.9       1637563771      17322    94536.6    45360.0     23488     160256      53614.6  cast_transpose_optimized_kernel(const __nv_bfloat16 *, const float *, __nv_fp8_e4m3 *, __nv_fp8_e4m…
0:       0.8       1449719016        253  5730114.7  5782144.0   4422944    5918656     250676.2  nvjet_sm90_tst_192x192_64x4_2x1_v_bz_coopB_TNN                                                      
0:       0.8       1378914271        253  5450254.0  5482016.0   4248736    5763040     237599.5  nvjet_sm90_tst_320x128_64x3_1x2_h_badd_coopB_NTT                                                    
0:       0.8       1343633054        253  5310802.6  5352224.0   4031840    5548960     252065.5  nvjet_sm90_tst_256x128_64x4_1x2_h_bz_coopA_NNT                                                      
0:       0.6       1112518174      16367    67973.2    33216.0     26240     111424      37007.3  void transformer_engine::unary_kernel<(int)16, (bool)1, float, transformer_engine::Empty, &transfor…
0:       0.6       1059234216      16586    63863.2    63808.0     56288     107968       1298.3  void transformer_engine::normalization::rmsnorm_bwd_tuned_kernel<transformer_engine::normalization:…
0:       0.6       1021402949      33175    30788.3    53088.0      1216     331648      37078.0  void at::native::vectorized_elementwise_kernel<(int)8, at::native::CUDAFunctor_add<c10::BFloat16>, …
0:       0.6        988717277      16336    60523.8    50784.0     19712      99136      30237.2  void transformer_engine::fused_rope_backward_kernel<__nv_bfloat16>(const T1 *, const int *, const f…
0:       0.4        636946404       8168    77980.7    77984.0     74624      80896        712.9  void cudnn::fusion::compute_dot_do_o_specialized<(bool)1, (int)128>(const void *, const void *, voi…
0:       0.3        527182176       8168    64542.4    64480.0     60224      69152       1096.5  void cudnn::fusion::convert_dq_to_16bits<(bool)1>(const void *, void *, unsigned int, unsigned int,…
0:       0.3        500002849      41337    12095.8    11712.0      7392      16224       1109.4  transformer_engine::delayed_scaling_recipe::<unnamed>::amax_and_scale_update_impl::kernel_bulk(floa…
0:       0.3        485385827        
0: 253  1918521.1  1919328.0   1900416    1926432       3910.6  triton_red_fused_copy__exp_sub_sum_unsqueeze_2                                                      
0:       0.3        468215008       8168    57323.1    57344.0     55328      59520        526.7  void at::native::<unnamed>::CatArrayBatchedCopy_vectorized<at::native::<unnamed>::OpaqueType<(unsig…
0:       0.2        428582113      16336    26235.4    26400.0     24640      28640        770.0  void cudnn::fusion::fmha_reduce_head<(bool)1>(const void *, void *, unsigned int, unsigned int, uns…
0:       0.2        365720033        784   466479.6   380192.0    254528    1495649     208369.2  ncclDevKernel_ReduceScatter_Sum_bf16_RING_LL(ncclDevKernelArgsStorage<(unsigned long)4096>)         
0:       0.2        331141441      16330    20278.1    20160.0     16384      30656       1000.5  transpose_optimized_kernel(const __nv_fp8_e4m3 *, const float *, __nv_fp8_e4m3 *, unsigned long, un…
0:       0.2        315927523        784   402968.8   313104.0    222240   
0:  2269536     227400.8  ncclDevKernel_AllGather_RING_LL(ncclDevKernelArgsStorage<(unsigned long)4096>)                      
0:       0.2        290443770        253  1147999.1  1148064.0   1143136    1153568       1573.4  triton_poi_fused__to_copy_copy__mul_unsqueeze_view_2                                                
0:       0.1        229797759        253   908291.5   908256.0    904800     911776       1021.7  triton_poi_fused_copy__div_split_unsqueeze_1                                                        
0:       0.1        228759616        253   904188.2   904224.0    901152     906496        870.9  triton_poi_fused__to_copy_arange_index_index_put_rsub_sub_view_0                                    
0:       0.1        191494335        720   265964.4   269424.0      3744     290880      36090.8  void multi_tensor_apply_kernel<TensorListMetadata<(int)5, (bool)0>, transformer_engine::multi_tenso…
0:       0.1        184451583        253   729057.6   729280.0    719424     732768       1987.9  triton_red_fused__to_copy_max_0                                                                     
